📊 Test Results: Sun 31 Aug 15:19:23 CEST 2025
